this  should be removed
this  should be removed as well